Microsoft Windows [Version 10.0.18363.1440]
(c) 2019 Microsoft Corporation. All rights reserved.

C:\WINDOWS\system32>cd C:\Users\VHD9090\Desktop\Sample.Beezy.Branding

C:\Users\VHD9090\Desktop\Sample.Beezy.Branding>yarn
yarn install v1.22.10
warning package.json: No license field
info No lockfile found.
warning webpack-dependencies-beezy-sprites-install@1.0.0: No license field
[1/4] Resolving packages...
warning react > fbjs > core-js@1.2.7: core-js@<3 is no longer maintained and not recommended for usage due to the number of issues. Please, upgrade your dependencies to the actual version of core-js@3.
warning babel-core > babel-runtime > core-js@2.6.12: core-js@<3 is no longer maintained and not recommended for usage due to the number of issues. Please, upgrade your dependencies to the actual version of core-js@3.
warning babel-core > babel-register > core-js@2.6.12: core-js@<3 is no longer maintained and not recommended for usage due to the number of issues. Please, upgrade your dependencies to the actual version of core-js@3.
warning babel-eslint@6.1.2: babel-eslint is now @babel/eslint-parser. This package will no longer receive updates.
warning babel-preset-es2015@6.24.1: �  Thanks for using Babel: we recommend using babel-preset-env now: please read https://babeljs.io/env to update!
warning babel-preset-react-app > babel-runtime > core-js@2.6.12: core-js@<3 is no longer maintained and not recommended for usage due to the number of issues. Please, upgrade your dependencies to the actual version of core-js@3.
warning babel-preset-react-app > babel-preset-latest@6.16.0: We're super �  excited that you're trying to use ES2017+ syntax, but instead of making more yearly presets � , Babel now has a better preset that we recommend you use instead: npm install babel-preset-env --save-dev. preset-env without options will compile ES2015+ down to ES5 just like using all the presets together and thus is more future proof. It also allows you to target specific browsers so that Babel can do less work and you can ship native ES2015+ to user � ! We are also in the process of releasing v7, so please give http://babeljs.io/blog/2017/09/12/planning-for-7.0 a read and help test it out in beta! Thanks so much for using Babel �, please give us a follow on Twitter @babeljs for news on Babel, join slack.babeljs.io for discussion/development and help support the project at opencollective.com/babel
warning babel-preset-react-app > babel-preset-latest > babel-preset-es2015@6.24.1: �  Thanks for using Babel: we recommend using babel-preset-env now: please read https://babeljs.io/env to update!
warning babel-preset-react-app > babel-preset-env > browserslist@1.7.7: Browserslist 2 could fail on reading Browserslist >3.0 config used in other tools.
warning babel-preset-react-app > babel-preset-latest > babel-preset-es2017@6.24.1: �  Thanks for using Babel: we recommend using babel-preset-env now: please read https://babeljs.io/env to update!
warning babel-preset-react-app > babel-preset-latest > babel-preset-es2016@6.24.1: �  Thanks for using Babel: we recommend using babel-preset-env now: please read https://babeljs.io/env to update!
warning babel-runtime > core-js@2.6.12: core-js@<3 is no longer maintained and not recommended for usage due to the number of issues. Please, upgrade your dependencies to the actual version of core-js@3.
warning grunt > minimatch@0.2.14: Please update to minimatch 3.0.2 or higher to avoid a RegExp DoS issue
warning grunt > coffee-script@1.3.3: CoffeeScript on NPM has moved to "coffeescript" (no hyphen)
warning grunt > glob > minimatch@0.2.14: Please update to minimatch 3.0.2 or higher to avoid a RegExp DoS issue
warning grunt > glob > graceful-fs@1.2.3: please upgrade to graceful-fs 4 for compatibility with current and future versions of Node.js
warning grunt > findup-sync > glob > minimatch@0.3.0: Please update to minimatch 3.0.2 or higher to avoid a RegExp DoS issue
warning @beezyinc/grunt-dr-svg-sprites-bz > @beezyinc/dr-svg-sprites-bz > svg2png > phantomjs-prebuilt@2.1.16: this package is now deprecated
warning @beezyinc/grunt-dr-svg-sprites-bz > @beezyinc/dr-svg-sprites-bz > svg2png > phantomjs-prebuilt > request@2.88.2: request has been deprecated, see https://github.com/request/request/issues/3142
warning @beezyinc/grunt-dr-svg-sprites-bz > @beezyinc/dr-svg-sprites-bz > svg2png > phantomjs-prebuilt > request > har-validator@5.1.5: this library is no longer supported
warning css-loader > cssnano > autoprefixer > browserslist@1.7.7: Browserslist 2 could fail on reading Browserslist >3.0 config used in other tools.
warning css-loader > cssnano > postcss-merge-rules > browserslist@1.7.7: Browserslist 2 could fail on reading Browserslist >3.0 config used in other tools.
warning css-loader > cssnano > postcss-merge-rules > caniuse-api > browserslist@1.7.7: Browserslist 2 could fail on reading Browserslist >3.0 config used in other tools.
warning eslint > file-entry-cache > flat-cache > circular-json@0.3.3: CircularJSON is in maintenance only, flatted is its successor.
warning node-sass > request@2.88.2: request has been deprecated, see https://github.com/request/request/issues/3142
warning node-sass > node-gyp > request@2.88.2: request has been deprecated, see https://github.com/request/request/issues/3142
warning chokidar@1.7.0: Chokidar 2 will break on node v14+. Upgrade to chokidar 3 with 15x less dependencies.
warning chokidar > fsevents@1.2.13: fsevents 1 will break on node v14+ and could be using insecure binaries. Upgrade to fsevents 2.
warning chokidar > readdirp > micromatch > snapdragon > source-map-resolve > resolve-url@0.2.1: https://github.com/lydell/resolve-url#deprecated
warning chokidar > readdirp > micromatch > snapdragon > source-map-resolve > urix@0.1.0: Please see https://github.com/lydell/urix#deprecated
warning webpack > watchpack > chokidar@1.7.0: Chokidar 2 will break on node v14+. Upgrade to chokidar 3 with 15x less dependencies.
warning extract-text-webpack-plugin@1.0.1: Deprecated. Please use https://github.com/webpack-contrib/mini-css-extract-plugin
[2/4] Fetching packages...
info fsevents@1.2.13: The platform "win32" is incompatible with this module.
info "fsevents@1.2.13" is an optional dependency and failed compatibility check. Excluding it from installation.
[3/4] Linking dependencies...
warning " > sass-loader@3.2.3" has incorrect peer dependency "node-sass@^3.4.2".
[4/4] Building fresh packages...
success Saved lockfile.
Done in 433.03s.

C:\Users\VHD9090\Desktop\Sample.Beezy.Branding>build.bat
Deleting .orig files...

Installing npm references...
call "C:\Program Files\nodejs\npm.cmd" install --color false

Starting FE Build...
{
  "process.env": {
    "NODE_ENV": "'development'",
    "BABEL_ENV": "'development'"
  }
}


To get the usage:

--usage
 Optional: true
 Shows para-meter ;) usage


Configuration:
Environment ==> debug
Model ==> Wsp ( onprem )
Extension:  ==> none
Branding ==> true (SAMPLE)
Customizations ==> false
Verbose ==> false
Output path ==> X:/Style Library/Beezy
Keep Branding:  ==> false



[STARTING IO QUEUE]
..//SAMPLE.Beezy.Branding/SAMPLE.Beezy.Branding/_artifacts/
[CONFIGURATION OVERRIDED FROM BRANDING]
[SETTING NEW SOURCE FROM BRANDING]
C:\Users\VHD9090\Desktop\Sample.Beezy.Branding\Sample.Beezy.Branding\_artifacts
[SETTING NEW PROVISIONING FROM BRANDING]
C:\Users\VHD9090\Desktop\Sample.Beezy.Branding\Sample.Beezy.Branding.Provisioning\_artifacts\Provisioning\Branding


Configuration:
Environment ==> debug
Model ==> Apps ( onprem )
Extension:  ==> none
Branding ==> true (SAMPLE)
Customizations ==> false
Verbose ==> false
Output path ==> X:/Style Library/Beezy
Keep Branding:  ==> false


Sprites configuration found. Executing sprite generation script...
^CTerminate batch job (Y/N)? Y

C:\Users\VHD9090\Desktop\Sample.Beezy.Branding>build.bat
Deleting .orig files...

Installing npm references...
call "C:\Program Files\nodejs\npm.cmd" install --color false

Starting FE Build...
{
  "process.env": {
    "NODE_ENV": "'development'",
    "BABEL_ENV": "'development'"
  }
}


To get the usage:

--usage
 Optional: true
 Shows para-meter ;) usage


Configuration:
Environment ==> debug
Model ==> Wsp ( onprem )
Extension:  ==> none
Branding ==> true (SAMPLE)
Customizations ==> false
Verbose ==> false
Output path ==> D:/Style Library/Beezy
Keep Branding:  ==> false



[STARTING IO QUEUE]
..//SAMPLE.Beezy.Branding/SAMPLE.Beezy.Branding/_artifacts/
[CONFIGURATION OVERRIDED FROM BRANDING]
[SETTING NEW SOURCE FROM BRANDING]
C:\Users\VHD9090\Desktop\Sample.Beezy.Branding\Sample.Beezy.Branding\_artifacts
[SETTING NEW PROVISIONING FROM BRANDING]
C:\Users\VHD9090\Desktop\Sample.Beezy.Branding\Sample.Beezy.Branding.Provisioning\_artifacts\Provisioning\Branding


Configuration:
Environment ==> debug
Model ==> Apps ( onprem )
Extension:  ==> none
Branding ==> true (SAMPLE)
Customizations ==> false
Verbose ==> false
Output path ==> D:/Style Library/Beezy
Keep Branding:  ==> false


Sprites configuration found. Executing sprite generation script...
npm WARN beezy-sprites@0.1.0 No repository field.
npm WARN beezy-sprites@0.1.0 No license field.

Sprites generated successfully.
Output:
C:\Users\VHD9090\Desktop\Sample.Beezy.Branding>set target=SAMPLE

C:\Users\VHD9090\Desktop\Sample.Beezy.Branding>set dpath=C:\Users\VHD9090\Desktop\Sample.Beezy.Branding\sprites

C:\Users\VHD9090\Desktop\Sample.Beezy.Branding>cd C:\Users\VHD9090\Desktop\Sample.Beezy.Branding\webpack\batches\

C:\Users\VHD9090\Desktop\Sample.Beezy.Branding\webpack\batches>cd C:\Users\VHD9090\Desktop\Sample.Beezy.Branding\sprites

C:\Users\VHD9090\Desktop\Sample.Beezy.Branding\sprites>call buildsprites.bat SAMPLE

> phantomjs-prebuilt@2.1.16 install C:\Users\VHD9090\Desktop\Sample.Beezy.Branding\sprites\node_modules\@beezyinc\dr-svg-sprites-bz\node_modules\phantomjs-prebuilt
> node install.js

PhantomJS not found on PATH
Download already available at C:\Users\VHD9090\AppData\Local\Temp\phantomjs\phantomjs-2.1.1-windows.zip
Verified checksum of previously downloaded file
Extracting zip contents
Removing C:\Users\VHD9090\Desktop\Sample.Beezy.Branding\sprites\node_modules\@beezyinc\dr-svg-sprites-bz\node_modules\phantomjs-prebuilt\lib\phantom
Copying extracted folder C:\Users\VHD9090\AppData\Local\Temp\phantomjs\phantomjs-2.1.1-windows.zip-extract-1618801076162\phantomjs-2.1.1-windows -> C:\Users\VHD9090\Desktop\Sample.Beezy.Branding\sprites\node_modules\@beezyinc\dr-svg-sprites-bz\node_modules\phantomjs-prebuilt\lib\phantom
Writing location.js file
Done. Phantomjs binary available at C:\Users\VHD9090\Desktop\Sample.Beezy.Branding\sprites\node_modules\@beezyinc\dr-svg-sprites-bz\node_modules\phantomjs-prebuilt\lib\phantom\bin\phantomjs.exe
added 538 packages from 317 contributors and audited 536 packages in 38.812s
found 115 vulnerabilities (69 low, 17 moderate, 28 high, 1 critical)
  run `npm audit fix` to fix them, or `npm audit` for details
Running "default" task

Running "clean:svg" (clean) task
>> 0 paths cleaned.

Running "svgmin:dist" (svgmin) task
√ src/img/svg/no-conversion/notifications-bell.svg (saved 911 B 67%)
Total saved: 911 B

Running "color_svg_icons:to_linkcolor_and_linkhovercolor" (color_svg_icons) task
File "src/img/svg-colors" created.

Running "copy:svg" (copy) task
Copied 1 file

Running "dr-svg-sprites-bz:branding" (dr-svg-sprites-bz) task
Building SVG sprites...
Done.

Running "copy:branding_sprites_to_product" (copy) task
Copied 2 files

Running "copy:branding_sass_sprites_to_product" (copy) task
Copied 1 file

Running "clean:svg" (clean) task
>> 2 paths cleaned.

Running "clean:result" (clean) task
>> 1 path cleaned.

Done, without errors.

GlobalAssemblyInfo exists: false

::::::::::# BEEZY BRANDING FILES #:::::::::::::


::::::::::# BEEZY BRANDING MASTER #:::::::::::::


::::::::::# BEEZY BRANDING RESOURCES AND IMAGES #:::::::::::::


::::::::::# BEEZY BRANDING LANGUAGES #:::::::::::::


::::::::::# BEEZY BRANDING EXTRA RESOURCES #:::::::::::::

Hash: dc4f0e689bfbf3cfa5ae
Version: webpack 1.15.0
Time: 58356ms
                                            Asset       Size  Chunks             Chunk Names
         webfonts/Montserrat/Montserrat-Bold.woff     113 kB          [emitted]
      webfonts/Montserrat/Montserrat-Regular.woff     112 kB          [emitted]
       webfonts/Montserrat/Montserrat-Italic.woff     117 kB          [emitted]
      webfonts/Montserrat/Montserrat-Italic.woff2    88.4 kB          [emitted]
       webfonts/Montserrat/Montserrat-Medium.woff     112 kB          [emitted]
      webfonts/Montserrat/Montserrat-Medium.woff2    85.4 kB          [emitted]
 webfonts/Montserrat/Montserrat-MediumItalic.woff     117 kB          [emitted]
webfonts/Montserrat/Montserrat-MediumItalic.woff2    88.8 kB          [emitted]
     webfonts/Montserrat/Montserrat-Regular.woff2    85.2 kB          [emitted]
        webfonts/Montserrat/Montserrat-Bold.woff2    85.4 kB          [emitted]
   webfonts/Montserrat/Montserrat-BoldItalic.woff     118 kB          [emitted]
  webfonts/Montserrat/Montserrat-BoldItalic.woff2    89.2 kB          [emitted]
        webfonts/Montserrat/Montserrat-Light.woff     111 kB          [emitted]
       webfonts/Montserrat/Montserrat-Light.woff2    84.5 kB          [emitted]
              ../Images/beezy/sprite.branding.png  283 bytes          [emitted]
                            ./js/page.branding.js    4.03 kB       0  [emitted]  branding
                              ./page.branding.css    16.6 kB       0  [emitted]  branding
   [0] multi branding 28 bytes {0} [built]
    + 17 hidden modules
Child extract-text-webpack-plugin:
        + 17 hidden modules

[STARTING IO QUEUE BATCH PROCESSING] Copying files...

[IO QUEUE BATCH PROCESSING FINISHED] Pending commits: 8

[STARTING IO QUEUE BATCH PROCESSING] Copying files...

[IO QUEUE BATCH PROCESSING FINISHED] Pending commits: 4

[STARTING IO QUEUE BATCH PROCESSING] Copying files...

[IO QUEUE BATCH PROCESSING FINISHED] Pending commits: 2

[STARTING IO QUEUE BATCH PROCESSING] Copying files...

[IO QUEUE BATCH PROCESSING FINISHED] Pending commits: 1

[STARTING IO QUEUE BATCH PROCESSING] Copying files...

[IO QUEUE BATCH PROCESSING FINISHED] Pending commits: 0

[COPY FINISHED - QUEUE EMPTY]

C:\Users\VHD9090\Desktop\Sample.Beezy.Branding>